<html>
<body>
<pre>
<h1>µVision Build Log</h1>
<h2>Tool Versions:</h2>
IDE-Version: µVision V5.16a
Copyright (C) 2015 ARM Ltd and ARM Germany GmbH. All rights reserved.
License Information: Jonathan Cochet, Home, LIC=----
 
Tool Versions:
Toolchain:       MDK-Lite  Version: 5.16a
Toolchain Path:  C:\Keil_v5\ARM\ARMCC\Bin
C Compiler:      Armcc.exe V5.06 (build 20)
Assembler:       Armasm.exe V5.06 (build 20)
Linker/Locator:  ArmLink.exe V5.06 (build 20)
Library Manager: ArmAr.exe V5.06 (build 20)
Hex Converter:   FromElf.exe V5.06 (build 20)
CPU DLL:         SARMCM3.DLL V5.16a
Dialog DLL:      DARMP1.DLL V1.25.0.0
Target DLL:      UL2CM3.DLL V1.155.12.0
Dialog DLL:      TARMP1.DLL V1.24.0.0
 
<h2>Project:</h2>
C:\NXP\Labs\labs\lab007\lab005.uvprojx
Project File Date:  11/03/2015

<h2>Output:</h2>
*** Using Compiler 'V5.06 (build 20)', folder: 'C:\Keil_v5\ARM\ARMCC\Bin'
Build target 'lab005'
compiling main.c...
main.c(50): warning:  #1-D: last line of file ends without a newline
   }
main.c: 1 warning, 0 errors
compiling croutine.c...
..\..\FreeRTOS\include\croutine.h(210): warning:  #9-D: nested comment is not allowed
   /*
..\..\FreeRTOS\croutine.c: 1 warning, 0 errors
linking...
Program Size: Code=4216 RO-data=264 RW-data=76 ZI-data=4804  
".\keil_output\Lab005.axf" - 0 Error(s), 2 Warning(s).

<h2>Collection of Component include folders:</h2>
  C:\NXP\Labs\labs\lab007\RTE
  C:\Keil_v5\ARM\PACK\Keil\LPC1700_DFP\2.1.0\Device\Include

<h2>Collection of Component Files used:</h2>
Build Time Elapsed:  00:00:01
</pre>
</body>
</html>
