Component: ARM Compiler 5.06 (build 20) Tool: armlink [4d35a3]

==============================================================================

Section Cross References

    croutine.o(.text) refers to list.o(.text) for vListInitialise
    croutine.o(.text) refers to heap_1.o(.text) for pvPortMalloc
    croutine.o(.text) refers to port.o(.emb_text) for ulPortSetInterruptMask
    croutine.o(.text) refers to tasks.o(.text) for xTaskGetTickCount
    croutine.o(.text) refers to croutine.o(.bss) for pxReadyCoRoutineLists
    croutine.o(.text) refers to croutine.o(.data) for pxDelayedCoRoutineList
    event_groups.o(.text) refers to heap_1.o(.text) for pvPortMalloc
    event_groups.o(.text) refers to list.o(.text) for vListInitialise
    event_groups.o(.text) refers to tasks.o(.text) for vTaskSuspendAll
    event_groups.o(.text) refers to port.o(.text) for vPortYield
    event_groups.o(.text) refers to port.o(.emb_text) for ulPortSetInterruptMask
    queue.o(.text) refers to port.o(.text) for vPortEnterCritical
    queue.o(.text) refers to tasks.o(.text) for xTaskRemoveFromEventList
    queue.o(.text) refers to list.o(.text) for vListInitialise
    queue.o(.text) refers to heap_1.o(.text) for pvPortMalloc
    queue.o(.text) refers to memcpya.o(.text) for __aeabi_memcpy
    queue.o(.text) refers to port.o(.emb_text) for ulPortSetInterruptMask
    tasks.o(.text) refers to list.o(.text) for vListInitialise
    tasks.o(.text) refers to heap_1.o(.text) for pvPortMalloc
    tasks.o(.text) refers to memseta.o(.text) for __aeabi_memset
    tasks.o(.text) refers to port.o(.text) for pxPortInitialiseStack
    tasks.o(.text) refers to tasks.o(.bss) for pxReadyTasksLists
    tasks.o(.text) refers to tasks.o(.data) for pxDelayedTaskList
    tasks.o(.text) refers to port.o(.emb_text) for ulPortSetInterruptMask
    heap_1.o(.text) refers to tasks.o(.text) for vTaskSuspendAll
    heap_1.o(.text) refers to heap_1.o(.data) for pucAlignedHeap
    heap_1.o(.text) refers to heap_1.o(.bss) for ucHeap
    port.o(.emb_text) refers to tasks.o(.text) for vTaskSwitchContext
    port.o(.emb_text) refers to tasks.o(.data) for pxCurrentTCB
    port.o(.text) refers to port.o(.emb_text) for ulPortSetInterruptMask
    port.o(.text) refers to tasks.o(.text) for xTaskIncrementTick
    port.o(.text) refers to port.o(.data) for uxCriticalNesting
    startup_mps_cm3.o(RESET) refers to startup_mps_cm3.o(STACK) for __initial_sp
    startup_mps_cm3.o(RESET) refers to startup_mps_cm3.o(.text) for Reset_Handler
    startup_mps_cm3.o(RESET) refers to port.o(.emb_text) for vPortSVCHandler
    startup_mps_cm3.o(RESET) refers to port.o(.text) for xPortSysTickHandler
    startup_mps_cm3.o(.text) refers to entry.o(.ARM.Collect$$$$00000000) for __main
    entry.o(.ARM.Collect$$$$00000000) refers (Special) to entry10a.o(.ARM.Collect$$$$0000000D) for __rt_final_cpp
    entry.o(.ARM.Collect$$$$00000000) refers (Special) to entry11a.o(.ARM.Collect$$$$0000000F) for __rt_final_exit
    entry.o(.ARM.Collect$$$$00000000) refers (Special) to entry7b.o(.ARM.Collect$$$$00000008) for _main_clock
    entry.o(.ARM.Collect$$$$00000000) refers (Special) to entry8b.o(.ARM.Collect$$$$0000000A) for _main_cpp_init
    entry.o(.ARM.Collect$$$$00000000) refers (Special) to entry9a.o(.ARM.Collect$$$$0000000B) for _main_init
    entry.o(.ARM.Collect$$$$00000000) refers (Special) to entry5.o(.ARM.Collect$$$$00000004) for _main_scatterload
    entry.o(.ARM.Collect$$$$00000000) refers (Special) to entry2.o(.ARM.Collect$$$$00000001) for _main_stk
    entry2.o(.ARM.Collect$$$$00000001) refers to entry2.o(.ARM.Collect$$$$00002712) for __lit__00000000
    entry2.o(.ARM.Collect$$$$00002712) refers to startup_mps_cm3.o(STACK) for __initial_sp
    entry2.o(__vectab_stack_and_reset_area) refers to startup_mps_cm3.o(STACK) for __initial_sp
    entry2.o(__vectab_stack_and_reset_area) refers to entry.o(.ARM.Collect$$$$00000000) for __main
    entry5.o(.ARM.Collect$$$$00000004) refers to init.o(.text) for __scatterload
    entry9a.o(.ARM.Collect$$$$0000000B) refers to main.o(.text) for main
    entry9b.o(.ARM.Collect$$$$0000000C) refers to main.o(.text) for main
    init.o(.text) refers to entry5.o(.ARM.Collect$$$$00000004) for __main_after_scatterload


==============================================================================

Removing Unused input sections from the image.

    Removing croutine.o(.text), (752 bytes).
    Removing croutine.o(.bss), (100 bytes).
    Removing croutine.o(.data), (28 bytes).
    Removing event_groups.o(.text), (678 bytes).
    Removing queue.o(.text), (1366 bytes).
    Removing startup_mps_cm3.o(HEAP), (0 bytes).

6 unused section(s) (total 2924 bytes) removed from the image.

==============================================================================

Image Symbol Table

    Local Symbols

    Symbol Name                              Value     Ov Type        Size  Object(Section)

    RESET                                    0x00000000   Section      192  startup_mps_cm3.o(RESET)
    ../clib/microlib/init/entry.s            0x00000000   Number         0  entry7a.o ABSOLUTE
    ../clib/microlib/init/entry.s            0x00000000   Number         0  entry.o ABSOLUTE
    ../clib/microlib/init/entry.s            0x00000000   Number         0  entry10a.o ABSOLUTE
    ../clib/microlib/init/entry.s            0x00000000   Number         0  entry11a.o ABSOLUTE
    ../clib/microlib/init/entry.s            0x00000000   Number         0  entry10b.o ABSOLUTE
    ../clib/microlib/init/entry.s            0x00000000   Number         0  entry9b.o ABSOLUTE
    ../clib/microlib/init/entry.s            0x00000000   Number         0  entry9a.o ABSOLUTE
    ../clib/microlib/init/entry.s            0x00000000   Number         0  entry2.o ABSOLUTE
    ../clib/microlib/init/entry.s            0x00000000   Number         0  entry8b.o ABSOLUTE
    ../clib/microlib/init/entry.s            0x00000000   Number         0  entry8a.o ABSOLUTE
    ../clib/microlib/init/entry.s            0x00000000   Number         0  entry5.o ABSOLUTE
    ../clib/microlib/init/entry.s            0x00000000   Number         0  entry7b.o ABSOLUTE
    ../clib/microlib/init/entry.s            0x00000000   Number         0  entry11b.o ABSOLUTE
    ../clib/microlib/string/memcpy.c         0x00000000   Number         0  memcpya.o ABSOLUTE
    ../clib/microlib/string/memcpy.c         0x00000000   Number         0  memcpyb.o ABSOLUTE
    ../clib/microlib/string/memset.c         0x00000000   Number         0  memseta.o ABSOLUTE
    ..\..\FreeRTOS\croutine.c                0x00000000   Number         0  croutine.o ABSOLUTE
    ..\..\FreeRTOS\event_groups.c            0x00000000   Number         0  event_groups.o ABSOLUTE
    ..\..\FreeRTOS\list.c                    0x00000000   Number         0  list.o ABSOLUTE
    ..\..\FreeRTOS\portable\MemMang\heap_1.c 0x00000000   Number         0  heap_1.o ABSOLUTE
    ..\..\FreeRTOS\portable\RVDS\ARM_CM3\port.c 0x00000000   Number         0  port.o ABSOLUTE
    ..\..\FreeRTOS\queue.c                   0x00000000   Number         0  queue.o ABSOLUTE
    ..\..\FreeRTOS\tasks.c                   0x00000000   Number         0  tasks.o ABSOLUTE
    ..\..\FreeRTOS\timers.c                  0x00000000   Number         0  timers.o ABSOLUTE
    ..\\..\\FreeRTOS\\portable\\RVDS\\ARM_CM3\\port.c 0x00000000   Number         0  port.o ABSOLUTE
    dc.s                                     0x00000000   Number         0  dc.o ABSOLUTE
    handlers.s                               0x00000000   Number         0  handlers.o ABSOLUTE
    init.s                                   0x00000000   Number         0  init.o ABSOLUTE
    main.c                                   0x00000000   Number         0  main.o ABSOLUTE
    startup_MPS_CM3.s                        0x00000000   Number         0  startup_mps_cm3.o ABSOLUTE
    .ARM.Collect$$$$00000000                 0x000000c0   Section        0  entry.o(.ARM.Collect$$$$00000000)
    .ARM.Collect$$$$00000001                 0x000000c0   Section        4  entry2.o(.ARM.Collect$$$$00000001)
    .ARM.Collect$$$$00000004                 0x000000c4   Section        4  entry5.o(.ARM.Collect$$$$00000004)
    .ARM.Collect$$$$00000008                 0x000000c8   Section        0  entry7b.o(.ARM.Collect$$$$00000008)
    .ARM.Collect$$$$0000000A                 0x000000c8   Section        0  entry8b.o(.ARM.Collect$$$$0000000A)
    .ARM.Collect$$$$0000000B                 0x000000c8   Section        8  entry9a.o(.ARM.Collect$$$$0000000B)
    .ARM.Collect$$$$0000000D                 0x000000d0   Section        0  entry10a.o(.ARM.Collect$$$$0000000D)
    .ARM.Collect$$$$0000000F                 0x000000d0   Section        0  entry11a.o(.ARM.Collect$$$$0000000F)
    .ARM.Collect$$$$00002712                 0x000000d0   Section        4  entry2.o(.ARM.Collect$$$$00002712)
    __lit__00000000                          0x000000d0   Data           4  entry2.o(.ARM.Collect$$$$00002712)
    .emb_text                                0x000000d4   Section      158  port.o(.emb_text)
    .text                                    0x00000172   Section        0  list.o(.text)
    .text                                    0x00000208   Section        0  tasks.o(.text)
    prvInitialiseTaskLists                   0x00000209   Thumb Code    64  tasks.o(.text)
    prvInitialiseTCBVariables                0x00000249   Thumb Code    84  tasks.o(.text)
    prvAllocateTCBAndStack                   0x0000029d   Thumb Code    58  tasks.o(.text)
    prvResetNextTaskUnblockTime              0x000003bd   Thumb Code    42  tasks.o(.text)
    prvAddCurrentTaskToDelayedList           0x0000058f   Thumb Code    62  tasks.o(.text)
    prvTaskIsTaskSuspended                   0x00000795   Thumb Code    56  tasks.o(.text)
    prvCheckTasksWaitingTermination          0x00000897   Thumb Code     2  tasks.o(.text)
    prvIdleTask                              0x00000899   Thumb Code     8  tasks.o(.text)
    prvTaskCheckFreeStackSpace               0x00000915   Thumb Code    22  tasks.o(.text)
    prvListTaskWithinSingleList              0x0000092b   Thumb Code   174  tasks.o(.text)
    .text                                    0x00000c94   Section        0  heap_1.o(.text)
    .text                                    0x00000d18   Section        0  port.o(.text)
    prvTaskExitError                         0x00000d19   Thumb Code     8  port.o(.text)
    .text                                    0x00000de8   Section        0  main.o(.text)
    .text                                    0x00000e1c   Section       28  startup_mps_cm3.o(.text)
    .text                                    0x00000e38   Section        0  memseta.o(.text)
    .text                                    0x00000e5c   Section       36  init.o(.text)
    i.__scatterload_copy                     0x00000e80   Section       14  handlers.o(i.__scatterload_copy)
    i.__scatterload_null                     0x00000e8e   Section        2  handlers.o(i.__scatterload_null)
    i.__scatterload_zeroinit                 0x00000e90   Section       14  handlers.o(i.__scatterload_zeroinit)
    .data                                    0x10000000   Section       52  tasks.o(.data)
    pxDelayedTaskList                        0x10000004   Data           4  tasks.o(.data)
    pxOverflowDelayedTaskList                0x10000008   Data           4  tasks.o(.data)
    uxCurrentNumberOfTasks                   0x1000000c   Data           4  tasks.o(.data)
    xTickCount                               0x10000010   Data           4  tasks.o(.data)
    uxTopReadyPriority                       0x10000014   Data           4  tasks.o(.data)
    xSchedulerRunning                        0x10000018   Data           4  tasks.o(.data)
    uxPendedTicks                            0x1000001c   Data           4  tasks.o(.data)
    xYieldPending                            0x10000020   Data           4  tasks.o(.data)
    xNumOfOverflows                          0x10000024   Data           4  tasks.o(.data)
    uxTaskNumber                             0x10000028   Data           4  tasks.o(.data)
    xNextTaskUnblockTime                     0x1000002c   Data           4  tasks.o(.data)
    uxSchedulerSuspended                     0x10000030   Data           4  tasks.o(.data)
    .data                                    0x10000034   Section        8  heap_1.o(.data)
    xNextFreeByte                            0x10000034   Data           4  heap_1.o(.data)
    pucAlignedHeap                           0x10000038   Data           4  heap_1.o(.data)
    .data                                    0x1000003c   Section        4  port.o(.data)
    uxCriticalNesting                        0x1000003c   Data           4  port.o(.data)
    .bss                                     0x10000040   Section      180  tasks.o(.bss)
    pxReadyTasksLists                        0x10000040   Data         100  tasks.o(.bss)
    xDelayedTaskList1                        0x100000a4   Data          20  tasks.o(.bss)
    xDelayedTaskList2                        0x100000b8   Data          20  tasks.o(.bss)
    xPendingReadyList                        0x100000cc   Data          20  tasks.o(.bss)
    xSuspendedTaskList                       0x100000e0   Data          20  tasks.o(.bss)
    .bss                                     0x100000f4   Section     4096  heap_1.o(.bss)
    ucHeap                                   0x100000f4   Data        4096  heap_1.o(.bss)
    STACK                                    0x100010f8   Section      512  startup_mps_cm3.o(STACK)

    Global Symbols

    Symbol Name                              Value     Ov Type        Size  Object(Section)

    BuildAttributes$$THM_ISAv4$P$D$K$B$S$PE$A:L22UL41UL21$X:L11$S22US41US21$IEEE1$IW$USESV6$~STKCKD$USESV7$~SHL$OSPACE$EBA8$MICROLIB$REQ8$PRES8$EABIv2 0x00000000   Number         0  anon$$obj.o ABSOLUTE
    __ARM_use_no_argv                        0x00000000   Number         0  main.o ABSOLUTE
    __Vectors                                0x00000000   Data           4  startup_mps_cm3.o(RESET)
    __cpp_initialize__aeabi_                  - Undefined Weak Reference
    __cxa_finalize                            - Undefined Weak Reference
    __decompress                              - Undefined Weak Reference
    _clock_init                               - Undefined Weak Reference
    _microlib_exit                            - Undefined Weak Reference
    __main                                   0x000000c1   Thumb Code     0  entry.o(.ARM.Collect$$$$00000000)
    _main_stk                                0x000000c1   Thumb Code     0  entry2.o(.ARM.Collect$$$$00000001)
    _main_scatterload                        0x000000c5   Thumb Code     0  entry5.o(.ARM.Collect$$$$00000004)
    __main_after_scatterload                 0x000000c9   Thumb Code     0  entry5.o(.ARM.Collect$$$$00000004)
    _main_clock                              0x000000c9   Thumb Code     0  entry7b.o(.ARM.Collect$$$$00000008)
    _main_cpp_init                           0x000000c9   Thumb Code     0  entry8b.o(.ARM.Collect$$$$0000000A)
    _main_init                               0x000000c9   Thumb Code     0  entry9a.o(.ARM.Collect$$$$0000000B)
    __rt_final_cpp                           0x000000d1   Thumb Code     0  entry10a.o(.ARM.Collect$$$$0000000D)
    __rt_final_exit                          0x000000d1   Thumb Code     0  entry11a.o(.ARM.Collect$$$$0000000F)
    vPortSVCHandler                          0x000000d5   Thumb Code    32  port.o(.emb_text)
    __asm___6_port_c_39a90d8d__prvStartFirstTask 0x000000f9   Thumb Code    24  port.o(.emb_text)
    xPortPendSVHandler                       0x00000115   Thumb Code    64  port.o(.emb_text)
    ulPortSetInterruptMask                   0x00000159   Thumb Code    14  port.o(.emb_text)
    vPortClearInterruptMask                  0x00000167   Thumb Code     6  port.o(.emb_text)
    vPortGetIPSR                             0x0000016d   Thumb Code     6  port.o(.emb_text)
    vListInitialise                          0x00000173   Thumb Code    26  list.o(.text)
    vListInitialiseItem                      0x0000018d   Thumb Code     6  list.o(.text)
    vListInsertEnd                           0x00000193   Thumb Code    24  list.o(.text)
    vListInsert                              0x000001ab   Thumb Code    52  list.o(.text)
    uxListRemove                             0x000001df   Thumb Code    40  list.o(.text)
    xTaskGenericCreate                       0x000002d7   Thumb Code   230  tasks.o(.text)
    xTaskIncrementTick                       0x000003e7   Thumb Code   240  tasks.o(.text)
    xTaskResumeAll                           0x000004d7   Thumb Code   184  tasks.o(.text)
    vTaskSuspendAll                          0x000005cd   Thumb Code    12  tasks.o(.text)
    vTaskDelayUntil                          0x000005d9   Thumb Code   174  tasks.o(.text)
    vTaskDelay                               0x00000687   Thumb Code    48  tasks.o(.text)
    vTaskSwitchContext                       0x000006b7   Thumb Code   106  tasks.o(.text)
    vTaskSuspend                             0x00000721   Thumb Code   116  tasks.o(.text)
    vTaskResume                              0x000007cd   Thumb Code    92  tasks.o(.text)
    xTaskResumeFromISR                       0x00000829   Thumb Code   110  tasks.o(.text)
    vTaskStartScheduler                      0x000008a1   Thumb Code    52  tasks.o(.text)
    vTaskEndScheduler                        0x000008d5   Thumb Code    18  tasks.o(.text)
    xTaskGetTickCount                        0x000008e7   Thumb Code    18  tasks.o(.text)
    xTaskGetTickCountFromISR                 0x000008f9   Thumb Code    22  tasks.o(.text)
    uxTaskGetNumberOfTasks                   0x0000090f   Thumb Code     6  tasks.o(.text)
    uxTaskGetSystemState                     0x000009d9   Thumb Code   180  tasks.o(.text)
    vTaskPlaceOnEventList                    0x00000a8d   Thumb Code    60  tasks.o(.text)
    vTaskPlaceOnUnorderedEventList           0x00000ac9   Thumb Code    76  tasks.o(.text)
    xTaskRemoveFromEventList                 0x00000b15   Thumb Code   102  tasks.o(.text)
    xTaskRemoveFromUnorderedEventList        0x00000b7b   Thumb Code    92  tasks.o(.text)
    vTaskSetTimeOutState                     0x00000bd7   Thumb Code    14  tasks.o(.text)
    xTaskCheckForTimeOut                     0x00000be5   Thumb Code    84  tasks.o(.text)
    vTaskMissedYield                         0x00000c39   Thumb Code     8  tasks.o(.text)
    uxTaskGetTaskNumber                      0x00000c41   Thumb Code    14  tasks.o(.text)
    vTaskSetTaskNumber                       0x00000c4f   Thumb Code     8  tasks.o(.text)
    uxTaskResetEventItemValue                0x00000c57   Thumb Code    24  tasks.o(.text)
    pvPortMalloc                             0x00000c95   Thumb Code    98  heap_1.o(.text)
    vPortFree                                0x00000cf7   Thumb Code     2  heap_1.o(.text)
    vPortInitialiseBlocks                    0x00000cf9   Thumb Code     8  heap_1.o(.text)
    xPortGetFreeHeapSize                     0x00000d01   Thumb Code    12  heap_1.o(.text)
    pxPortInitialiseStack                    0x00000d21   Thumb Code    26  port.o(.text)
    vPortSetupTimerInterrupt                 0x00000d3b   Thumb Code    16  port.o(.text)
    xPortStartScheduler                      0x00000d4b   Thumb Code    42  port.o(.text)
    vPortEndScheduler                        0x00000d75   Thumb Code     2  port.o(.text)
    vPortYield                               0x00000d77   Thumb Code    20  port.o(.text)
    vPortEnterCritical                       0x00000d8b   Thumb Code    26  port.o(.text)
    vPortExitCritical                        0x00000da5   Thumb Code    26  port.o(.text)
    xPortSysTickHandler                      0x00000dbf   Thumb Code    30  port.o(.text)
    main                                     0x00000de9   Thumb Code    46  main.o(.text)
    Reset_Handler                            0x00000e1d   Thumb Code     4  startup_mps_cm3.o(.text)
    NMI_Handler                              0x00000e21   Thumb Code     2  startup_mps_cm3.o(.text)
    HardFault_Handler                        0x00000e23   Thumb Code     2  startup_mps_cm3.o(.text)
    MemManage_Handler                        0x00000e25   Thumb Code     2  startup_mps_cm3.o(.text)
    BusFault_Handler                         0x00000e27   Thumb Code     2  startup_mps_cm3.o(.text)
    UsageFault_Handler                       0x00000e29   Thumb Code     2  startup_mps_cm3.o(.text)
    SVC_Handler                              0x00000e2b   Thumb Code     2  startup_mps_cm3.o(.text)
    DebugMon_Handler                         0x00000e2d   Thumb Code     2  startup_mps_cm3.o(.text)
    PendSV_Handler                           0x00000e2f   Thumb Code     2  startup_mps_cm3.o(.text)
    SysTick_Handler                          0x00000e31   Thumb Code     2  startup_mps_cm3.o(.text)
    AACI_IRQHandler                          0x00000e33   Thumb Code     0  startup_mps_cm3.o(.text)
    CAN_IRQHandler                           0x00000e33   Thumb Code     0  startup_mps_cm3.o(.text)
    CHLCD_IRQHandler                         0x00000e33   Thumb Code     0  startup_mps_cm3.o(.text)
    CLCD_IRQHandler                          0x00000e33   Thumb Code     0  startup_mps_cm3.o(.text)
    CPU_CLCD_IRQHandler                      0x00000e33   Thumb Code     0  startup_mps_cm3.o(.text)
    ENET_IRQHandler                          0x00000e33   Thumb Code     0  startup_mps_cm3.o(.text)
    FLEXRAY_IRQHandler                       0x00000e33   Thumb Code     0  startup_mps_cm3.o(.text)
    I2C_IRQHandler                           0x00000e33   Thumb Code     0  startup_mps_cm3.o(.text)
    LIN_IRQHandler                           0x00000e33   Thumb Code     0  startup_mps_cm3.o(.text)
    MCIA_IRQHandler                          0x00000e33   Thumb Code     0  startup_mps_cm3.o(.text)
    MCIB_IRQHandler                          0x00000e33   Thumb Code     0  startup_mps_cm3.o(.text)
    RTC_IRQHandler                           0x00000e33   Thumb Code     0  startup_mps_cm3.o(.text)
    SPI_IRQHandler                           0x00000e33   Thumb Code     0  startup_mps_cm3.o(.text)
    TIM0_IRQHandler                          0x00000e33   Thumb Code     0  startup_mps_cm3.o(.text)
    TIM2_IRQHandler                          0x00000e33   Thumb Code     0  startup_mps_cm3.o(.text)
    UART0_IRQHandler                         0x00000e33   Thumb Code     0  startup_mps_cm3.o(.text)
    UART1_IRQHandler                         0x00000e33   Thumb Code     0  startup_mps_cm3.o(.text)
    UART2_IRQHandler                         0x00000e33   Thumb Code     0  startup_mps_cm3.o(.text)
    UART3_IRQHandler                         0x00000e33   Thumb Code     0  startup_mps_cm3.o(.text)
    UART4_IRQHandler                         0x00000e33   Thumb Code     0  startup_mps_cm3.o(.text)
    USBDC_IRQHandler                         0x00000e33   Thumb Code     0  startup_mps_cm3.o(.text)
    USBHC_IRQHandler                         0x00000e33   Thumb Code     0  startup_mps_cm3.o(.text)
    WDT_IRQHandler                           0x00000e33   Thumb Code     0  startup_mps_cm3.o(.text)
    __aeabi_memset                           0x00000e39   Thumb Code    14  memseta.o(.text)
    __aeabi_memset4                          0x00000e39   Thumb Code     0  memseta.o(.text)
    __aeabi_memset8                          0x00000e39   Thumb Code     0  memseta.o(.text)
    __aeabi_memclr                           0x00000e47   Thumb Code     4  memseta.o(.text)
    __aeabi_memclr4                          0x00000e47   Thumb Code     0  memseta.o(.text)
    __aeabi_memclr8                          0x00000e47   Thumb Code     0  memseta.o(.text)
    _memset$wrapper                          0x00000e4b   Thumb Code    18  memseta.o(.text)
    __scatterload                            0x00000e5d   Thumb Code    28  init.o(.text)
    __scatterload_rt2                        0x00000e5d   Thumb Code     0  init.o(.text)
    __scatterload_copy                       0x00000e81   Thumb Code    14  handlers.o(i.__scatterload_copy)
    __scatterload_null                       0x00000e8f   Thumb Code     2  handlers.o(i.__scatterload_null)
    __scatterload_zeroinit                   0x00000e91   Thumb Code    14  handlers.o(i.__scatterload_zeroinit)
    Region$$Table$$Base                      0x00000ea0   Number         0  anon$$obj.o(Region$$Table)
    Region$$Table$$Limit                     0x00000ec0   Number         0  anon$$obj.o(Region$$Table)
    pxCurrentTCB                             0x10000000   Data           4  tasks.o(.data)
    __initial_sp                             0x100012f8   Data           0  startup_mps_cm3.o(STACK)



==============================================================================

Memory Map of the image

  Image Entry point : 0x000000c1

  Load Region LR_IROM1 (Base: 0x00000000, Size: 0x00000f00, Max: 0x00080000, ABSOLUTE)

    Execution Region ER_IROM1 (Base: 0x00000000, Size: 0x00000ec0, Max: 0x00080000, ABSOLUTE)

    Base Addr    Size         Type   Attr      Idx    E Section Name        Object

    0x00000000   0x000000c0   Data   RO          179    RESET               startup_mps_cm3.o
    0x000000c0   0x00000000   Code   RO          184  * .ARM.Collect$$$$00000000  mc_w.l(entry.o)
    0x000000c0   0x00000004   Code   RO          193    .ARM.Collect$$$$00000001  mc_w.l(entry2.o)
    0x000000c4   0x00000004   Code   RO          196    .ARM.Collect$$$$00000004  mc_w.l(entry5.o)
    0x000000c8   0x00000000   Code   RO          198    .ARM.Collect$$$$00000008  mc_w.l(entry7b.o)
    0x000000c8   0x00000000   Code   RO          200    .ARM.Collect$$$$0000000A  mc_w.l(entry8b.o)
    0x000000c8   0x00000008   Code   RO          201    .ARM.Collect$$$$0000000B  mc_w.l(entry9a.o)
    0x000000d0   0x00000000   Code   RO          203    .ARM.Collect$$$$0000000D  mc_w.l(entry10a.o)
    0x000000d0   0x00000000   Code   RO          205    .ARM.Collect$$$$0000000F  mc_w.l(entry11a.o)
    0x000000d0   0x00000004   Code   RO          194    .ARM.Collect$$$$00002712  mc_w.l(entry2.o)
    0x000000d4   0x0000009e   Code   RO          146    .emb_text           port.o
    0x00000172   0x00000094   Code   RO           76    .text               list.o
    0x00000206   0x00000002   PAD
    0x00000208   0x00000a8c   Code   RO          106    .text               tasks.o
    0x00000c94   0x00000084   Code   RO          131    .text               heap_1.o
    0x00000d18   0x000000d0   Code   RO          147    .text               port.o
    0x00000de8   0x00000034   Code   RO          165    .text               main.o
    0x00000e1c   0x0000001c   Code   RO          180    .text               startup_mps_cm3.o
    0x00000e38   0x00000024   Code   RO          189    .text               mc_w.l(memseta.o)
    0x00000e5c   0x00000024   Code   RO          207    .text               mc_w.l(init.o)
    0x00000e80   0x0000000e   Code   RO          211    i.__scatterload_copy  mc_w.l(handlers.o)
    0x00000e8e   0x00000002   Code   RO          212    i.__scatterload_null  mc_w.l(handlers.o)
    0x00000e90   0x0000000e   Code   RO          213    i.__scatterload_zeroinit  mc_w.l(handlers.o)
    0x00000e9e   0x00000002   PAD
    0x00000ea0   0x00000020   Data   RO          209    Region$$Table       anon$$obj.o


    Execution Region RW_IRAM1 (Base: 0x10000000, Size: 0x000012f8, Max: 0x00008000, ABSOLUTE)

    Base Addr    Size         Type   Attr      Idx    E Section Name        Object

    0x10000000   0x00000034   Data   RW          108    .data               tasks.o
    0x10000034   0x00000008   Data   RW          133    .data               heap_1.o
    0x1000003c   0x00000004   Data   RW          148    .data               port.o
    0x10000040   0x000000b4   Zero   RW          107    .bss                tasks.o
    0x100000f4   0x00001000   Zero   RW          132    .bss                heap_1.o
    0x100010f4   0x00000004   PAD
    0x100010f8   0x00000200   Zero   RW          177    STACK               startup_mps_cm3.o


==============================================================================

Image component sizes


      Code (inc. data)   RO Data    RW Data    ZI Data      Debug   Object Name

         0          0          0          0          0      10852   croutine.o
         0          0          0          0          0       1444   event_groups.o
       132         12          0          8       4096       1868   heap_1.o
       148          0          0          0          0       1782   list.o
        52          6          0          0          0        439   main.o
       366         24          0          4          0       4315   port.o
        28          4        192          0        512        736   startup_mps_cm3.o
      2700        172          0         52        180      13961   tasks.o

    ----------------------------------------------------------------------
      3428        218        224         64       4792      35397   Object Totals
         0          0         32          0          0          0   (incl. Generated)
         2          0          0          0          4          0   (incl. Padding)

    ----------------------------------------------------------------------

      Code (inc. data)   RO Data    RW Data    ZI Data      Debug   Library Member Name

         0          0          0          0          0          0   entry.o
         0          0          0          0          0          0   entry10a.o
         0          0          0          0          0          0   entry11a.o
         8          4          0          0          0          0   entry2.o
         4          0          0          0          0          0   entry5.o
         0          0          0          0          0          0   entry7b.o
         0          0          0          0          0          0   entry8b.o
         8          4          0          0          0          0   entry9a.o
        30          0          0          0          0          0   handlers.o
        36          8          0          0          0         68   init.o
        36          0          0          0          0        108   memseta.o

    ----------------------------------------------------------------------
       124         16          0          0          0        176   Library Totals
         2          0          0          0          0          0   (incl. Padding)

    ----------------------------------------------------------------------

      Code (inc. data)   RO Data    RW Data    ZI Data      Debug   Library Name

       122         16          0          0          0        176   mc_w.l

    ----------------------------------------------------------------------
       124         16          0          0          0        176   Library Totals

    ----------------------------------------------------------------------

==============================================================================


      Code (inc. data)   RO Data    RW Data    ZI Data      Debug   

      3552        234        224         64       4792      35205   Grand Totals
      3552        234        224         64       4792      35205   ELF Image Totals
      3552        234        224         64          0          0   ROM Totals

==============================================================================

    Total RO  Size (Code + RO Data)                 3776 (   3.69kB)
    Total RW  Size (RW Data + ZI Data)              4856 (   4.74kB)
    Total ROM Size (Code + RO Data + RW Data)       3840 (   3.75kB)

==============================================================================

