Component: ARM Compiler 5.06 (build 20) Tool: armlink [4d35a3]

==============================================================================

Section Cross References

    croutine.o(.text) refers to list.o(.text) for vListInitialise
    croutine.o(.text) refers to heap_1.o(.text) for pvPortMalloc
    croutine.o(.text) refers to port.o(.emb_text) for ulPortSetInterruptMask
    croutine.o(.text) refers to tasks.o(.text) for xTaskGetTickCount
    croutine.o(.text) refers to croutine.o(.bss) for pxReadyCoRoutineLists
    croutine.o(.text) refers to croutine.o(.data) for pxDelayedCoRoutineList
    event_groups.o(.text) refers to heap_1.o(.text) for pvPortMalloc
    event_groups.o(.text) refers to list.o(.text) for vListInitialise
    event_groups.o(.text) refers to tasks.o(.text) for vTaskSuspendAll
    event_groups.o(.text) refers to port.o(.text) for vPortYield
    event_groups.o(.text) refers to port.o(.emb_text) for ulPortSetInterruptMask
    queue.o(.text) refers to port.o(.text) for vPortEnterCritical
    queue.o(.text) refers to tasks.o(.text) for xTaskRemoveFromEventList
    queue.o(.text) refers to list.o(.text) for vListInitialise
    queue.o(.text) refers to heap_1.o(.text) for pvPortMalloc
    queue.o(.text) refers to memcpya.o(.text) for __aeabi_memcpy
    queue.o(.text) refers to port.o(.emb_text) for ulPortSetInterruptMask
    tasks.o(.text) refers to list.o(.text) for vListInitialise
    tasks.o(.text) refers to heap_1.o(.text) for pvPortMalloc
    tasks.o(.text) refers to memseta.o(.text) for __aeabi_memset
    tasks.o(.text) refers to port.o(.text) for pxPortInitialiseStack
    tasks.o(.text) refers to tasks.o(.bss) for pxReadyTasksLists
    tasks.o(.text) refers to tasks.o(.data) for pxDelayedTaskList
    tasks.o(.text) refers to port.o(.emb_text) for ulPortSetInterruptMask
    tasks.o(.text) refers to main.o(.bss) for ulTaskNumber
    heap_1.o(.text) refers to tasks.o(.text) for vTaskSuspendAll
    heap_1.o(.text) refers to heap_1.o(.data) for pucAlignedHeap
    heap_1.o(.text) refers to heap_1.o(.bss) for ucHeap
    port.o(.emb_text) refers to tasks.o(.text) for vTaskSwitchContext
    port.o(.emb_text) refers to tasks.o(.data) for pxCurrentTCB
    port.o(.text) refers to port.o(.emb_text) for ulPortSetInterruptMask
    port.o(.text) refers to tasks.o(.text) for xTaskIncrementTick
    port.o(.text) refers to port.o(.data) for uxCriticalNesting
    main.o(.text) refers to basic_io.o(.text) for vPrintString
    main.o(.text) refers to tasks.o(.text) for vTaskDelay
    basic_io.o(.text) refers to tasks.o(.text) for vTaskSuspendAll
    basic_io.o(.text) refers to printf3.o(i.__0printf$3) for __2printf
    startup_mps_cm3.o(RESET) refers to startup_mps_cm3.o(STACK) for __initial_sp
    startup_mps_cm3.o(RESET) refers to startup_mps_cm3.o(.text) for Reset_Handler
    startup_mps_cm3.o(RESET) refers to port.o(.emb_text) for vPortSVCHandler
    startup_mps_cm3.o(RESET) refers to port.o(.text) for xPortSysTickHandler
    startup_mps_cm3.o(.text) refers to entry.o(.ARM.Collect$$$$00000000) for __main
    entry.o(.ARM.Collect$$$$00000000) refers (Special) to entry10a.o(.ARM.Collect$$$$0000000D) for __rt_final_cpp
    entry.o(.ARM.Collect$$$$00000000) refers (Special) to entry11a.o(.ARM.Collect$$$$0000000F) for __rt_final_exit
    entry.o(.ARM.Collect$$$$00000000) refers (Special) to entry7b.o(.ARM.Collect$$$$00000008) for _main_clock
    entry.o(.ARM.Collect$$$$00000000) refers (Special) to entry8b.o(.ARM.Collect$$$$0000000A) for _main_cpp_init
    entry.o(.ARM.Collect$$$$00000000) refers (Special) to entry9a.o(.ARM.Collect$$$$0000000B) for _main_init
    entry.o(.ARM.Collect$$$$00000000) refers (Special) to entry5.o(.ARM.Collect$$$$00000004) for _main_scatterload
    entry.o(.ARM.Collect$$$$00000000) refers (Special) to entry2.o(.ARM.Collect$$$$00000001) for _main_stk
    printfb.o(i.__0fprintf$bare) refers to printfb.o(i._printf_core) for _printf_core
    printfb.o(i.__0fprintf$bare) refers to basic_io.o(.text) for fputc
    printfb.o(i.__0printf$bare) refers to printfb.o(i._printf_core) for _printf_core
    printfb.o(i.__0printf$bare) refers to basic_io.o(.text) for fputc
    printfb.o(i.__0printf$bare) refers to stdout.o(.data) for __stdout
    printfb.o(i.__0snprintf$bare) refers to printfb.o(i._printf_core) for _printf_core
    printfb.o(i.__0snprintf$bare) refers to printfb.o(i._snputc) for _snputc
    printfb.o(i.__0sprintf$bare) refers to printfb.o(i._printf_core) for _printf_core
    printfb.o(i.__0sprintf$bare) refers to printfb.o(i._sputc) for _sputc
    printfb.o(i.__0vfprintf$bare) refers to printfb.o(i._printf_core) for _printf_core
    printfb.o(i.__0vfprintf$bare) refers to basic_io.o(.text) for fputc
    printfb.o(i.__0vprintf$bare) refers to printfb.o(i._printf_core) for _printf_core
    printfb.o(i.__0vprintf$bare) refers to basic_io.o(.text) for fputc
    printfb.o(i.__0vprintf$bare) refers to stdout.o(.data) for __stdout
    printfb.o(i.__0vsnprintf$bare) refers to printfb.o(i._printf_core) for _printf_core
    printfb.o(i.__0vsnprintf$bare) refers to printfb.o(i._snputc) for _snputc
    printfb.o(i.__0vsprintf$bare) refers to printfb.o(i._printf_core) for _printf_core
    printfb.o(i.__0vsprintf$bare) refers to printfb.o(i._sputc) for _sputc
    printf0.o(i.__0fprintf$0) refers to printf0.o(i._printf_core) for _printf_core
    printf0.o(i.__0fprintf$0) refers to basic_io.o(.text) for fputc
    printf0.o(i.__0printf$0) refers to printf0.o(i._printf_core) for _printf_core
    printf0.o(i.__0printf$0) refers to basic_io.o(.text) for fputc
    printf0.o(i.__0printf$0) refers to stdout.o(.data) for __stdout
    printf0.o(i.__0snprintf$0) refers to printf0.o(i._printf_core) for _printf_core
    printf0.o(i.__0snprintf$0) refers to printf0.o(i._snputc) for _snputc
    printf0.o(i.__0sprintf$0) refers to printf0.o(i._printf_core) for _printf_core
    printf0.o(i.__0sprintf$0) refers to printf0.o(i._sputc) for _sputc
    printf0.o(i.__0vfprintf$0) refers to printf0.o(i._printf_core) for _printf_core
    printf0.o(i.__0vfprintf$0) refers to basic_io.o(.text) for fputc
    printf0.o(i.__0vprintf$0) refers to printf0.o(i._printf_core) for _printf_core
    printf0.o(i.__0vprintf$0) refers to basic_io.o(.text) for fputc
    printf0.o(i.__0vprintf$0) refers to stdout.o(.data) for __stdout
    printf0.o(i.__0vsnprintf$0) refers to printf0.o(i._printf_core) for _printf_core
    printf0.o(i.__0vsnprintf$0) refers to printf0.o(i._snputc) for _snputc
    printf0.o(i.__0vsprintf$0) refers to printf0.o(i._printf_core) for _printf_core
    printf0.o(i.__0vsprintf$0) refers to printf0.o(i._sputc) for _sputc
    printf1.o(i.__0fprintf$1) refers to printf1.o(i._printf_core) for _printf_core
    printf1.o(i.__0fprintf$1) refers to basic_io.o(.text) for fputc
    printf1.o(i.__0printf$1) refers to printf1.o(i._printf_core) for _printf_core
    printf1.o(i.__0printf$1) refers to basic_io.o(.text) for fputc
    printf1.o(i.__0printf$1) refers to stdout.o(.data) for __stdout
    printf1.o(i.__0snprintf$1) refers to printf1.o(i._printf_core) for _printf_core
    printf1.o(i.__0snprintf$1) refers to printf1.o(i._snputc) for _snputc
    printf1.o(i.__0sprintf$1) refers to printf1.o(i._printf_core) for _printf_core
    printf1.o(i.__0sprintf$1) refers to printf1.o(i._sputc) for _sputc
    printf1.o(i.__0vfprintf$1) refers to printf1.o(i._printf_core) for _printf_core
    printf1.o(i.__0vfprintf$1) refers to basic_io.o(.text) for fputc
    printf1.o(i.__0vprintf$1) refers to printf1.o(i._printf_core) for _printf_core
    printf1.o(i.__0vprintf$1) refers to basic_io.o(.text) for fputc
    printf1.o(i.__0vprintf$1) refers to stdout.o(.data) for __stdout
    printf1.o(i.__0vsnprintf$1) refers to printf1.o(i._printf_core) for _printf_core
    printf1.o(i.__0vsnprintf$1) refers to printf1.o(i._snputc) for _snputc
    printf1.o(i.__0vsprintf$1) refers to printf1.o(i._printf_core) for _printf_core
    printf1.o(i.__0vsprintf$1) refers to printf1.o(i._sputc) for _sputc
    printf1.o(i._printf_core) refers to uidiv.o(.text) for __aeabi_uidivmod
    printf2.o(i.__0fprintf$2) refers to printf2.o(i._printf_core) for _printf_core
    printf2.o(i.__0fprintf$2) refers to basic_io.o(.text) for fputc
    printf2.o(i.__0printf$2) refers to printf2.o(i._printf_core) for _printf_core
    printf2.o(i.__0printf$2) refers to basic_io.o(.text) for fputc
    printf2.o(i.__0printf$2) refers to stdout.o(.data) for __stdout
    printf2.o(i.__0snprintf$2) refers to printf2.o(i._printf_core) for _printf_core
    printf2.o(i.__0snprintf$2) refers to printf2.o(i._snputc) for _snputc
    printf2.o(i.__0sprintf$2) refers to printf2.o(i._printf_core) for _printf_core
    printf2.o(i.__0sprintf$2) refers to printf2.o(i._sputc) for _sputc
    printf2.o(i.__0vfprintf$2) refers to printf2.o(i._printf_core) for _printf_core
    printf2.o(i.__0vfprintf$2) refers to basic_io.o(.text) for fputc
    printf2.o(i.__0vprintf$2) refers to printf2.o(i._printf_core) for _printf_core
    printf2.o(i.__0vprintf$2) refers to basic_io.o(.text) for fputc
    printf2.o(i.__0vprintf$2) refers to stdout.o(.data) for __stdout
    printf2.o(i.__0vsnprintf$2) refers to printf2.o(i._printf_core) for _printf_core
    printf2.o(i.__0vsnprintf$2) refers to printf2.o(i._snputc) for _snputc
    printf2.o(i.__0vsprintf$2) refers to printf2.o(i._printf_core) for _printf_core
    printf2.o(i.__0vsprintf$2) refers to printf2.o(i._sputc) for _sputc
    printf3.o(i.__0fprintf$3) refers to printf3.o(i._printf_core) for _printf_core
    printf3.o(i.__0fprintf$3) refers to basic_io.o(.text) for fputc
    printf3.o(i.__0printf$3) refers to printf3.o(i._printf_core) for _printf_core
    printf3.o(i.__0printf$3) refers to basic_io.o(.text) for fputc
    printf3.o(i.__0printf$3) refers to stdout.o(.data) for __stdout
    printf3.o(i.__0snprintf$3) refers to printf3.o(i._printf_core) for _printf_core
    printf3.o(i.__0snprintf$3) refers to printf3.o(i._snputc) for _snputc
    printf3.o(i.__0sprintf$3) refers to printf3.o(i._printf_core) for _printf_core
    printf3.o(i.__0sprintf$3) refers to printf3.o(i._sputc) for _sputc
    printf3.o(i.__0vfprintf$3) refers to printf3.o(i._printf_core) for _printf_core
    printf3.o(i.__0vfprintf$3) refers to basic_io.o(.text) for fputc
    printf3.o(i.__0vprintf$3) refers to printf3.o(i._printf_core) for _printf_core
    printf3.o(i.__0vprintf$3) refers to basic_io.o(.text) for fputc
    printf3.o(i.__0vprintf$3) refers to stdout.o(.data) for __stdout
    printf3.o(i.__0vsnprintf$3) refers to printf3.o(i._printf_core) for _printf_core
    printf3.o(i.__0vsnprintf$3) refers to printf3.o(i._snputc) for _snputc
    printf3.o(i.__0vsprintf$3) refers to printf3.o(i._printf_core) for _printf_core
    printf3.o(i.__0vsprintf$3) refers to printf3.o(i._sputc) for _sputc
    printf3.o(i._printf_core) refers to uidiv.o(.text) for __aeabi_uidivmod
    printf4.o(i.__0fprintf$4) refers to printf4.o(i._printf_core) for _printf_core
    printf4.o(i.__0fprintf$4) refers to basic_io.o(.text) for fputc
    printf4.o(i.__0printf$4) refers to printf4.o(i._printf_core) for _printf_core
    printf4.o(i.__0printf$4) refers to basic_io.o(.text) for fputc
    printf4.o(i.__0printf$4) refers to stdout.o(.data) for __stdout
    printf4.o(i.__0snprintf$4) refers to printf4.o(i._printf_core) for _printf_core
    printf4.o(i.__0snprintf$4) refers to printf4.o(i._snputc) for _snputc
    printf4.o(i.__0sprintf$4) refers to printf4.o(i._printf_core) for _printf_core
    printf4.o(i.__0sprintf$4) refers to printf4.o(i._sputc) for _sputc
    printf4.o(i.__0vfprintf$4) refers to printf4.o(i._printf_core) for _printf_core
    printf4.o(i.__0vfprintf$4) refers to basic_io.o(.text) for fputc
    printf4.o(i.__0vprintf$4) refers to printf4.o(i._printf_core) for _printf_core
    printf4.o(i.__0vprintf$4) refers to basic_io.o(.text) for fputc
    printf4.o(i.__0vprintf$4) refers to stdout.o(.data) for __stdout
    printf4.o(i.__0vsnprintf$4) refers to printf4.o(i._printf_core) for _printf_core
    printf4.o(i.__0vsnprintf$4) refers to printf4.o(i._snputc) for _snputc
    printf4.o(i.__0vsprintf$4) refers to printf4.o(i._printf_core) for _printf_core
    printf4.o(i.__0vsprintf$4) refers to printf4.o(i._sputc) for _sputc
    printf4.o(i._printf_core) refers to uldiv.o(.text) for __aeabi_uldivmod
    printf5.o(i.__0fprintf$5) refers to printf5.o(i._printf_core) for _printf_core
    printf5.o(i.__0fprintf$5) refers to basic_io.o(.text) for fputc
    printf5.o(i.__0printf$5) refers to printf5.o(i._printf_core) for _printf_core
    printf5.o(i.__0printf$5) refers to basic_io.o(.text) for fputc
    printf5.o(i.__0printf$5) refers to stdout.o(.data) for __stdout
    printf5.o(i.__0snprintf$5) refers to printf5.o(i._printf_core) for _printf_core
    printf5.o(i.__0snprintf$5) refers to printf5.o(i._snputc) for _snputc
    printf5.o(i.__0sprintf$5) refers to printf5.o(i._printf_core) for _printf_core
    printf5.o(i.__0sprintf$5) refers to printf5.o(i._sputc) for _sputc
    printf5.o(i.__0vfprintf$5) refers to printf5.o(i._printf_core) for _printf_core
    printf5.o(i.__0vfprintf$5) refers to basic_io.o(.text) for fputc
    printf5.o(i.__0vprintf$5) refers to printf5.o(i._printf_core) for _printf_core
    printf5.o(i.__0vprintf$5) refers to basic_io.o(.text) for fputc
    printf5.o(i.__0vprintf$5) refers to stdout.o(.data) for __stdout
    printf5.o(i.__0vsnprintf$5) refers to printf5.o(i._printf_core) for _printf_core
    printf5.o(i.__0vsnprintf$5) refers to printf5.o(i._snputc) for _snputc
    printf5.o(i.__0vsprintf$5) refers to printf5.o(i._printf_core) for _printf_core
    printf5.o(i.__0vsprintf$5) refers to printf5.o(i._sputc) for _sputc
    printf5.o(i._printf_core) refers to uldiv.o(.text) for __aeabi_uldivmod
    printf6.o(i.__0fprintf$6) refers to printf6.o(i._printf_core) for _printf_core
    printf6.o(i.__0fprintf$6) refers to basic_io.o(.text) for fputc
    printf6.o(i.__0printf$6) refers to printf6.o(i._printf_core) for _printf_core
    printf6.o(i.__0printf$6) refers to basic_io.o(.text) for fputc
    printf6.o(i.__0printf$6) refers to stdout.o(.data) for __stdout
    printf6.o(i.__0snprintf$6) refers to printf6.o(i._printf_core) for _printf_core
    printf6.o(i.__0snprintf$6) refers to printf6.o(i._snputc) for _snputc
    printf6.o(i.__0sprintf$6) refers to printf6.o(i._printf_core) for _printf_core
    printf6.o(i.__0sprintf$6) refers to printf6.o(i._sputc) for _sputc
    printf6.o(i.__0vfprintf$6) refers to printf6.o(i._printf_core) for _printf_core
    printf6.o(i.__0vfprintf$6) refers to basic_io.o(.text) for fputc
    printf6.o(i.__0vprintf$6) refers to printf6.o(i._printf_core) for _printf_core
    printf6.o(i.__0vprintf$6) refers to basic_io.o(.text) for fputc
    printf6.o(i.__0vprintf$6) refers to stdout.o(.data) for __stdout
    printf6.o(i.__0vsnprintf$6) refers to printf6.o(i._printf_core) for _printf_core
    printf6.o(i.__0vsnprintf$6) refers to printf6.o(i._snputc) for _snputc
    printf6.o(i.__0vsprintf$6) refers to printf6.o(i._printf_core) for _printf_core
    printf6.o(i.__0vsprintf$6) refers to printf6.o(i._sputc) for _sputc
    printf6.o(i._printf_core) refers to printf6.o(i._printf_pre_padding) for _printf_pre_padding
    printf6.o(i._printf_core) refers to uidiv.o(.text) for __aeabi_uidivmod
    printf6.o(i._printf_core) refers to printf6.o(i._printf_post_padding) for _printf_post_padding
    printf7.o(i.__0fprintf$7) refers to printf7.o(i._printf_core) for _printf_core
    printf7.o(i.__0fprintf$7) refers to basic_io.o(.text) for fputc
    printf7.o(i.__0printf$7) refers to printf7.o(i._printf_core) for _printf_core
    printf7.o(i.__0printf$7) refers to basic_io.o(.text) for fputc
    printf7.o(i.__0printf$7) refers to stdout.o(.data) for __stdout
    printf7.o(i.__0snprintf$7) refers to printf7.o(i._printf_core) for _printf_core
    printf7.o(i.__0snprintf$7) refers to printf7.o(i._snputc) for _snputc
    printf7.o(i.__0sprintf$7) refers to printf7.o(i._printf_core) for _printf_core
    printf7.o(i.__0sprintf$7) refers to printf7.o(i._sputc) for _sputc
    printf7.o(i.__0vfprintf$7) refers to printf7.o(i._printf_core) for _printf_core
    printf7.o(i.__0vfprintf$7) refers to basic_io.o(.text) for fputc
    printf7.o(i.__0vprintf$7) refers to printf7.o(i._printf_core) for _printf_core
    printf7.o(i.__0vprintf$7) refers to basic_io.o(.text) for fputc
    printf7.o(i.__0vprintf$7) refers to stdout.o(.data) for __stdout
    printf7.o(i.__0vsnprintf$7) refers to printf7.o(i._printf_core) for _printf_core
    printf7.o(i.__0vsnprintf$7) refers to printf7.o(i._snputc) for _snputc
    printf7.o(i.__0vsprintf$7) refers to printf7.o(i._printf_core) for _printf_core
    printf7.o(i.__0vsprintf$7) refers to printf7.o(i._sputc) for _sputc
    printf7.o(i._printf_core) refers to printf7.o(i._printf_pre_padding) for _printf_pre_padding
    printf7.o(i._printf_core) refers to uldiv.o(.text) for __aeabi_uldivmod
    printf7.o(i._printf_core) refers to printf7.o(i._printf_post_padding) for _printf_post_padding
    printf8.o(i.__0fprintf$8) refers to printf8.o(i._printf_core) for _printf_core
    printf8.o(i.__0fprintf$8) refers to basic_io.o(.text) for fputc
    printf8.o(i.__0printf$8) refers to printf8.o(i._printf_core) for _printf_core
    printf8.o(i.__0printf$8) refers to basic_io.o(.text) for fputc
    printf8.o(i.__0printf$8) refers to stdout.o(.data) for __stdout
    printf8.o(i.__0snprintf$8) refers to printf8.o(i._printf_core) for _printf_core
    printf8.o(i.__0snprintf$8) refers to printf8.o(i._snputc) for _snputc
    printf8.o(i.__0sprintf$8) refers to printf8.o(i._printf_core) for _printf_core
    printf8.o(i.__0sprintf$8) refers to printf8.o(i._sputc) for _sputc
    printf8.o(i.__0vfprintf$8) refers to printf8.o(i._printf_core) for _printf_core
    printf8.o(i.__0vfprintf$8) refers to basic_io.o(.text) for fputc
    printf8.o(i.__0vprintf$8) refers to printf8.o(i._printf_core) for _printf_core
    printf8.o(i.__0vprintf$8) refers to basic_io.o(.text) for fputc
    printf8.o(i.__0vprintf$8) refers to stdout.o(.data) for __stdout
    printf8.o(i.__0vsnprintf$8) refers to printf8.o(i._printf_core) for _printf_core
    printf8.o(i.__0vsnprintf$8) refers to printf8.o(i._snputc) for _snputc
    printf8.o(i.__0vsprintf$8) refers to printf8.o(i._printf_core) for _printf_core
    printf8.o(i.__0vsprintf$8) refers to printf8.o(i._sputc) for _sputc
    printf8.o(i._printf_core) refers to printf8.o(i._printf_pre_padding) for _printf_pre_padding
    printf8.o(i._printf_core) refers to uldiv.o(.text) for __aeabi_uldivmod
    printf8.o(i._printf_core) refers to printf8.o(i._printf_post_padding) for _printf_post_padding
    printfa.o(i.__0fprintf) refers (Special) to iusefp.o(.text) for __I$use$fp
    printfa.o(i.__0fprintf) refers to printfa.o(i._printf_core) for _printf_core
    printfa.o(i.__0fprintf) refers to basic_io.o(.text) for fputc
    printfa.o(i.__0printf) refers (Special) to iusefp.o(.text) for __I$use$fp
    printfa.o(i.__0printf) refers to printfa.o(i._printf_core) for _printf_core
    printfa.o(i.__0printf) refers to basic_io.o(.text) for fputc
    printfa.o(i.__0printf) refers to stdout.o(.data) for __stdout
    printfa.o(i.__0snprintf) refers (Special) to iusefp.o(.text) for __I$use$fp
    printfa.o(i.__0snprintf) refers to printfa.o(i._printf_core) for _printf_core
    printfa.o(i.__0snprintf) refers to printfa.o(i._snputc) for _snputc
    printfa.o(i.__0sprintf) refers (Special) to iusefp.o(.text) for __I$use$fp
    printfa.o(i.__0sprintf) refers to printfa.o(i._printf_core) for _printf_core
    printfa.o(i.__0sprintf) refers to printfa.o(i._sputc) for _sputc
    printfa.o(i.__0vfprintf) refers (Special) to iusefp.o(.text) for __I$use$fp
    printfa.o(i.__0vfprintf) refers to printfa.o(i._printf_core) for _printf_core
    printfa.o(i.__0vfprintf) refers to basic_io.o(.text) for fputc
    printfa.o(i.__0vprintf) refers (Special) to iusefp.o(.text) for __I$use$fp
    printfa.o(i.__0vprintf) refers to printfa.o(i._printf_core) for _printf_core
    printfa.o(i.__0vprintf) refers to basic_io.o(.text) for fputc
    printfa.o(i.__0vprintf) refers to stdout.o(.data) for __stdout
    printfa.o(i.__0vsnprintf) refers (Special) to iusefp.o(.text) for __I$use$fp
    printfa.o(i.__0vsnprintf) refers to printfa.o(i._printf_core) for _printf_core
    printfa.o(i.__0vsnprintf) refers to printfa.o(i._snputc) for _snputc
    printfa.o(i.__0vsprintf) refers (Special) to iusefp.o(.text) for __I$use$fp
    printfa.o(i.__0vsprintf) refers to printfa.o(i._printf_core) for _printf_core
    printfa.o(i.__0vsprintf) refers to printfa.o(i._sputc) for _sputc
    printfa.o(i._fp_digits) refers (Special) to iusefp.o(.text) for __I$use$fp
    printfa.o(i._fp_digits) refers to dmul.o(.text) for __aeabi_dmul
    printfa.o(i._fp_digits) refers to ddiv.o(.text) for __aeabi_ddiv
    printfa.o(i._fp_digits) refers to cdrcmple.o(.text) for __aeabi_cdrcmple
    printfa.o(i._fp_digits) refers to dadd.o(.text) for __aeabi_dadd
    printfa.o(i._fp_digits) refers to dfixul.o(.text) for __aeabi_d2ulz
    printfa.o(i._fp_digits) refers to uldiv.o(.text) for __aeabi_uldivmod
    printfa.o(i._printf_core) refers (Special) to iusefp.o(.text) for __I$use$fp
    printfa.o(i._printf_core) refers to printfa.o(i._printf_pre_padding) for _printf_pre_padding
    printfa.o(i._printf_core) refers to uldiv.o(.text) for __aeabi_uldivmod
    printfa.o(i._printf_core) refers to printfa.o(i._printf_post_padding) for _printf_post_padding
    printfa.o(i._printf_core) refers to printfa.o(i._fp_digits) for _fp_digits
    printfa.o(i._printf_core) refers to uidiv.o(.text) for __aeabi_uidivmod
    printfa.o(i._printf_post_padding) refers (Special) to iusefp.o(.text) for __I$use$fp
    printfa.o(i._printf_pre_padding) refers (Special) to iusefp.o(.text) for __I$use$fp
    printfa.o(i._snputc) refers (Special) to iusefp.o(.text) for __I$use$fp
    printfa.o(i._sputc) refers (Special) to iusefp.o(.text) for __I$use$fp
    entry2.o(.ARM.Collect$$$$00000001) refers to entry2.o(.ARM.Collect$$$$00002712) for __lit__00000000
    entry2.o(.ARM.Collect$$$$00002712) refers to startup_mps_cm3.o(STACK) for __initial_sp
    entry2.o(__vectab_stack_and_reset_area) refers to startup_mps_cm3.o(STACK) for __initial_sp
    entry2.o(__vectab_stack_and_reset_area) refers to entry.o(.ARM.Collect$$$$00000000) for __main
    entry5.o(.ARM.Collect$$$$00000004) refers to init.o(.text) for __scatterload
    entry9a.o(.ARM.Collect$$$$0000000B) refers to main.o(.text) for main
    entry9b.o(.ARM.Collect$$$$0000000C) refers to main.o(.text) for main
    uldiv.o(.text) refers to llushr.o(.text) for __aeabi_llsr
    uldiv.o(.text) refers to llshl.o(.text) for __aeabi_llsl
    dadd.o(.text) refers to llshl.o(.text) for __aeabi_llsl
    dadd.o(.text) refers to llsshr.o(.text) for __aeabi_lasr
    dadd.o(.text) refers to depilogue.o(.text) for _double_epilogue
    dmul.o(.text) refers to depilogue.o(.text) for _double_epilogue
    ddiv.o(.text) refers to depilogue.o(.text) for _double_round
    dfixul.o(.text) refers to llushr.o(.text) for __aeabi_llsr
    dfixul.o(.text) refers to llshl.o(.text) for __aeabi_llsl
    init.o(.text) refers to entry5.o(.ARM.Collect$$$$00000004) for __main_after_scatterload
    depilogue.o(.text) refers to llshl.o(.text) for __aeabi_llsl
    depilogue.o(.text) refers to llushr.o(.text) for __aeabi_llsr


==============================================================================

Removing Unused input sections from the image.

    Removing croutine.o(.text), (752 bytes).
    Removing croutine.o(.bss), (100 bytes).
    Removing croutine.o(.data), (28 bytes).
    Removing event_groups.o(.text), (678 bytes).
    Removing queue.o(.text), (1366 bytes).
    Removing startup_mps_cm3.o(HEAP), (0 bytes).
    Removing dadd.o(.text), (334 bytes).
    Removing dmul.o(.text), (228 bytes).
    Removing ddiv.o(.text), (222 bytes).
    Removing dfixul.o(.text), (48 bytes).
    Removing cdrcmple.o(.text), (48 bytes).
    Removing depilogue.o(.text), (186 bytes).

12 unused section(s) (total 3990 bytes) removed from the image.

==============================================================================

Image Symbol Table

    Local Symbols

    Symbol Name                              Value     Ov Type        Size  Object(Section)

    RESET                                    0x00000000   Section      192  startup_mps_cm3.o(RESET)
    ../clib/microlib/division.c              0x00000000   Number         0  uidiv.o ABSOLUTE
    ../clib/microlib/division.c              0x00000000   Number         0  uldiv.o ABSOLUTE
    ../clib/microlib/init/entry.s            0x00000000   Number         0  entry.o ABSOLUTE
    ../clib/microlib/init/entry.s            0x00000000   Number         0  entry2.o ABSOLUTE
    ../clib/microlib/init/entry.s            0x00000000   Number         0  entry5.o ABSOLUTE
    ../clib/microlib/init/entry.s            0x00000000   Number         0  entry7a.o ABSOLUTE
    ../clib/microlib/init/entry.s            0x00000000   Number         0  entry7b.o ABSOLUTE
    ../clib/microlib/init/entry.s            0x00000000   Number         0  entry11b.o ABSOLUTE
    ../clib/microlib/init/entry.s            0x00000000   Number         0  entry11a.o ABSOLUTE
    ../clib/microlib/init/entry.s            0x00000000   Number         0  entry10b.o ABSOLUTE
    ../clib/microlib/init/entry.s            0x00000000   Number         0  entry10a.o ABSOLUTE
    ../clib/microlib/init/entry.s            0x00000000   Number         0  entry9b.o ABSOLUTE
    ../clib/microlib/init/entry.s            0x00000000   Number         0  entry9a.o ABSOLUTE
    ../clib/microlib/init/entry.s            0x00000000   Number         0  entry8b.o ABSOLUTE
    ../clib/microlib/init/entry.s            0x00000000   Number         0  entry8a.o ABSOLUTE
    ../clib/microlib/longlong.c              0x00000000   Number         0  llsshr.o ABSOLUTE
    ../clib/microlib/longlong.c              0x00000000   Number         0  llushr.o ABSOLUTE
    ../clib/microlib/longlong.c              0x00000000   Number         0  llshl.o ABSOLUTE
    ../clib/microlib/printf/printf.c         0x00000000   Number         0  printf6.o ABSOLUTE
    ../clib/microlib/printf/printf.c         0x00000000   Number         0  printf4.o ABSOLUTE
    ../clib/microlib/printf/printf.c         0x00000000   Number         0  printf5.o ABSOLUTE
    ../clib/microlib/printf/printf.c         0x00000000   Number         0  printf7.o ABSOLUTE
    ../clib/microlib/printf/printf.c         0x00000000   Number         0  printf8.o ABSOLUTE
    ../clib/microlib/printf/printf.c         0x00000000   Number         0  printfb.o ABSOLUTE
    ../clib/microlib/printf/printf.c         0x00000000   Number         0  printfa.o ABSOLUTE
    ../clib/microlib/printf/printf.c         0x00000000   Number         0  printf3.o ABSOLUTE
    ../clib/microlib/printf/printf.c         0x00000000   Number         0  printf2.o ABSOLUTE
    ../clib/microlib/printf/printf.c         0x00000000   Number         0  printf1.o ABSOLUTE
    ../clib/microlib/printf/printf.c         0x00000000   Number         0  printf0.o ABSOLUTE
    ../clib/microlib/printf/stubs.s          0x00000000   Number         0  stubs.o ABSOLUTE
    ../clib/microlib/stdio/streams.c         0x00000000   Number         0  stdout.o ABSOLUTE
    ../clib/microlib/string/memcpy.c         0x00000000   Number         0  memcpyb.o ABSOLUTE
    ../clib/microlib/string/memcpy.c         0x00000000   Number         0  memcpya.o ABSOLUTE
    ../clib/microlib/string/memset.c         0x00000000   Number         0  memseta.o ABSOLUTE
    ../clib/microlib/stubs.s                 0x00000000   Number         0  iusefp.o ABSOLUTE
    ../fplib/microlib/fpadd.c                0x00000000   Number         0  dadd.o ABSOLUTE
    ../fplib/microlib/fpdiv.c                0x00000000   Number         0  ddiv.o ABSOLUTE
    ../fplib/microlib/fpepilogue.c           0x00000000   Number         0  depilogue.o ABSOLUTE
    ../fplib/microlib/fpfix.c                0x00000000   Number         0  dfixul.o ABSOLUTE
    ../fplib/microlib/fpmul.c                0x00000000   Number         0  dmul.o ABSOLUTE
    ..\..\FreeRTOS\croutine.c                0x00000000   Number         0  croutine.o ABSOLUTE
    ..\..\FreeRTOS\event_groups.c            0x00000000   Number         0  event_groups.o ABSOLUTE
    ..\..\FreeRTOS\list.c                    0x00000000   Number         0  list.o ABSOLUTE
    ..\..\FreeRTOS\portable\MemMang\heap_1.c 0x00000000   Number         0  heap_1.o ABSOLUTE
    ..\..\FreeRTOS\portable\RVDS\ARM_CM3\port.c 0x00000000   Number         0  port.o ABSOLUTE
    ..\..\FreeRTOS\queue.c                   0x00000000   Number         0  queue.o ABSOLUTE
    ..\..\FreeRTOS\tasks.c                   0x00000000   Number         0  tasks.o ABSOLUTE
    ..\..\FreeRTOS\timers.c                  0x00000000   Number         0  timers.o ABSOLUTE
    ..\\..\\FreeRTOS\\portable\\RVDS\\ARM_CM3\\port.c 0x00000000   Number         0  port.o ABSOLUTE
    ..\common\basic_io.c                     0x00000000   Number         0  basic_io.o ABSOLUTE
    cdrcmple.s                               0x00000000   Number         0  cdrcmple.o ABSOLUTE
    dc.s                                     0x00000000   Number         0  dc.o ABSOLUTE
    handlers.s                               0x00000000   Number         0  handlers.o ABSOLUTE
    init.s                                   0x00000000   Number         0  init.o ABSOLUTE
    main.c                                   0x00000000   Number         0  main.o ABSOLUTE
    startup_MPS_CM3.s                        0x00000000   Number         0  startup_mps_cm3.o ABSOLUTE
    .ARM.Collect$$$$00000000                 0x000000c0   Section        0  entry.o(.ARM.Collect$$$$00000000)
    .ARM.Collect$$$$00000001                 0x000000c0   Section        4  entry2.o(.ARM.Collect$$$$00000001)
    .ARM.Collect$$$$00000004                 0x000000c4   Section        4  entry5.o(.ARM.Collect$$$$00000004)
    .ARM.Collect$$$$00000008                 0x000000c8   Section        0  entry7b.o(.ARM.Collect$$$$00000008)
    .ARM.Collect$$$$0000000A                 0x000000c8   Section        0  entry8b.o(.ARM.Collect$$$$0000000A)
    .ARM.Collect$$$$0000000B                 0x000000c8   Section        8  entry9a.o(.ARM.Collect$$$$0000000B)
    .ARM.Collect$$$$0000000D                 0x000000d0   Section        0  entry10a.o(.ARM.Collect$$$$0000000D)
    .ARM.Collect$$$$0000000F                 0x000000d0   Section        0  entry11a.o(.ARM.Collect$$$$0000000F)
    .ARM.Collect$$$$00002712                 0x000000d0   Section        4  entry2.o(.ARM.Collect$$$$00002712)
    __lit__00000000                          0x000000d0   Data           4  entry2.o(.ARM.Collect$$$$00002712)
    .emb_text                                0x000000d4   Section      158  port.o(.emb_text)
    .text                                    0x00000172   Section        0  list.o(.text)
    .text                                    0x00000208   Section        0  tasks.o(.text)
    prvInitialiseTaskLists                   0x00000209   Thumb Code    64  tasks.o(.text)
    prvInitialiseTCBVariables                0x00000249   Thumb Code    84  tasks.o(.text)
    prvAllocateTCBAndStack                   0x0000029d   Thumb Code    58  tasks.o(.text)
    prvResetNextTaskUnblockTime              0x000003bd   Thumb Code    42  tasks.o(.text)
    prvAddCurrentTaskToDelayedList           0x0000058f   Thumb Code    62  tasks.o(.text)
    prvTaskIsTaskSuspended                   0x000007ad   Thumb Code    56  tasks.o(.text)
    prvCheckTasksWaitingTermination          0x000008af   Thumb Code     2  tasks.o(.text)
    prvIdleTask                              0x000008b1   Thumb Code     8  tasks.o(.text)
    prvTaskCheckFreeStackSpace               0x0000092d   Thumb Code    22  tasks.o(.text)
    prvListTaskWithinSingleList              0x00000943   Thumb Code   174  tasks.o(.text)
    .text                                    0x00000cb0   Section        0  heap_1.o(.text)
    .text                                    0x00000d34   Section        0  port.o(.text)
    prvTaskExitError                         0x00000d35   Thumb Code     8  port.o(.text)
    .text                                    0x00000e04   Section        0  main.o(.text)
    .text                                    0x00000eac   Section        0  basic_io.o(.text)
    .text                                    0x00000f04   Section       28  startup_mps_cm3.o(.text)
    .text                                    0x00000f20   Section        0  memseta.o(.text)
    .text                                    0x00000f44   Section        0  uidiv.o(.text)
    .text                                    0x00000f70   Section       36  init.o(.text)
    i.__0printf$3                            0x00000f94   Section        0  printf3.o(i.__0printf$3)
    i.__scatterload_copy                     0x00000fb4   Section       14  handlers.o(i.__scatterload_copy)
    i.__scatterload_null                     0x00000fc2   Section        2  handlers.o(i.__scatterload_null)
    i.__scatterload_zeroinit                 0x00000fc4   Section       14  handlers.o(i.__scatterload_zeroinit)
    i._printf_core                           0x00000fd4   Section        0  printf3.o(i._printf_core)
    _printf_core                             0x00000fd5   Thumb Code   436  printf3.o(i._printf_core)
    .data                                    0x10000000   Section       52  tasks.o(.data)
    pxDelayedTaskList                        0x10000004   Data           4  tasks.o(.data)
    pxOverflowDelayedTaskList                0x10000008   Data           4  tasks.o(.data)
    uxCurrentNumberOfTasks                   0x1000000c   Data           4  tasks.o(.data)
    xTickCount                               0x10000010   Data           4  tasks.o(.data)
    uxTopReadyPriority                       0x10000014   Data           4  tasks.o(.data)
    xSchedulerRunning                        0x10000018   Data           4  tasks.o(.data)
    uxPendedTicks                            0x1000001c   Data           4  tasks.o(.data)
    xYieldPending                            0x10000020   Data           4  tasks.o(.data)
    xNumOfOverflows                          0x10000024   Data           4  tasks.o(.data)
    uxTaskNumber                             0x10000028   Data           4  tasks.o(.data)
    xNextTaskUnblockTime                     0x1000002c   Data           4  tasks.o(.data)
    uxSchedulerSuspended                     0x10000030   Data           4  tasks.o(.data)
    .data                                    0x10000034   Section        8  heap_1.o(.data)
    xNextFreeByte                            0x10000034   Data           4  heap_1.o(.data)
    pucAlignedHeap                           0x10000038   Data           4  heap_1.o(.data)
    .data                                    0x1000003c   Section        4  port.o(.data)
    uxCriticalNesting                        0x1000003c   Data           4  port.o(.data)
    .data                                    0x10000040   Section        4  stdout.o(.data)
    .bss                                     0x10000044   Section      180  tasks.o(.bss)
    pxReadyTasksLists                        0x10000044   Data         100  tasks.o(.bss)
    xDelayedTaskList1                        0x100000a8   Data          20  tasks.o(.bss)
    xDelayedTaskList2                        0x100000bc   Data          20  tasks.o(.bss)
    xPendingReadyList                        0x100000d0   Data          20  tasks.o(.bss)
    xSuspendedTaskList                       0x100000e4   Data          20  tasks.o(.bss)
    .bss                                     0x100000f8   Section     4096  heap_1.o(.bss)
    ucHeap                                   0x100000f8   Data        4096  heap_1.o(.bss)
    .bss                                     0x100010f8   Section       12  main.o(.bss)
    STACK                                    0x10001108   Section      512  startup_mps_cm3.o(STACK)

    Global Symbols

    Symbol Name                              Value     Ov Type        Size  Object(Section)

    BuildAttributes$$THM_ISAv4$P$D$K$B$S$PE$A:L22UL41UL21$X:L11$S22US41US21$IEEE1$IW$USESV6$~STKCKD$USESV7$~SHL$OSPACE$ROPI$EBA8$MICROLIB$REQ8$PRES8$EABIv2 0x00000000   Number         0  anon$$obj.o ABSOLUTE
    __ARM_use_no_argv                        0x00000000   Number         0  main.o ABSOLUTE
    __Vectors                                0x00000000   Data           4  startup_mps_cm3.o(RESET)
    _printf_a                                0x00000000   Number         0  stubs.o ABSOLUTE
    _printf_c                                0x00000000   Number         0  stubs.o ABSOLUTE
    _printf_charcount                        0x00000000   Number         0  stubs.o ABSOLUTE
    _printf_d                                0x00000000   Number         0  stubs.o ABSOLUTE
    _printf_e                                0x00000000   Number         0  stubs.o ABSOLUTE
    _printf_f                                0x00000000   Number         0  stubs.o ABSOLUTE
    _printf_flags                            0x00000000   Number         0  stubs.o ABSOLUTE
    _printf_fp_dec                           0x00000000   Number         0  stubs.o ABSOLUTE
    _printf_fp_hex                           0x00000000   Number         0  stubs.o ABSOLUTE
    _printf_g                                0x00000000   Number         0  stubs.o ABSOLUTE
    _printf_i                                0x00000000   Number         0  stubs.o ABSOLUTE
    _printf_int_dec                          0x00000000   Number         0  stubs.o ABSOLUTE
    _printf_l                                0x00000000   Number         0  stubs.o ABSOLUTE
    _printf_lc                               0x00000000   Number         0  stubs.o ABSOLUTE
    _printf_ll                               0x00000000   Number         0  stubs.o ABSOLUTE
    _printf_lld                              0x00000000   Number         0  stubs.o ABSOLUTE
    _printf_lli                              0x00000000   Number         0  stubs.o ABSOLUTE
    _printf_llo                              0x00000000   Number         0  stubs.o ABSOLUTE
    _printf_llu                              0x00000000   Number         0  stubs.o ABSOLUTE
    _printf_llx                              0x00000000   Number         0  stubs.o ABSOLUTE
    _printf_longlong_dec                     0x00000000   Number         0  stubs.o ABSOLUTE
    _printf_longlong_hex                     0x00000000   Number         0  stubs.o ABSOLUTE
    _printf_longlong_oct                     0x00000000   Number         0  stubs.o ABSOLUTE
    _printf_ls                               0x00000000   Number         0  stubs.o ABSOLUTE
    _printf_mbtowc                           0x00000000   Number         0  stubs.o ABSOLUTE
    _printf_n                                0x00000000   Number         0  stubs.o ABSOLUTE
    _printf_o                                0x00000000   Number         0  stubs.o ABSOLUTE
    _printf_p                                0x00000000   Number         0  stubs.o ABSOLUTE
    _printf_percent                          0x00000000   Number         0  stubs.o ABSOLUTE
    _printf_pre_padding                      0x00000000   Number         0  stubs.o ABSOLUTE
    _printf_return_value                     0x00000000   Number         0  stubs.o ABSOLUTE
    _printf_s                                0x00000000   Number         0  stubs.o ABSOLUTE
    _printf_sizespec                         0x00000000   Number         0  stubs.o ABSOLUTE
    _printf_str                              0x00000000   Number         0  stubs.o ABSOLUTE
    _printf_truncate_signed                  0x00000000   Number         0  stubs.o ABSOLUTE
    _printf_truncate_unsigned                0x00000000   Number         0  stubs.o ABSOLUTE
    _printf_u                                0x00000000   Number         0  stubs.o ABSOLUTE
    _printf_wc                               0x00000000   Number         0  stubs.o ABSOLUTE
    _printf_wctomb                           0x00000000   Number         0  stubs.o ABSOLUTE
    _printf_widthprec                        0x00000000   Number         0  stubs.o ABSOLUTE
    _printf_x                                0x00000000   Number         0  stubs.o ABSOLUTE
    __cpp_initialize__aeabi_                  - Undefined Weak Reference
    __cxa_finalize                            - Undefined Weak Reference
    __decompress                              - Undefined Weak Reference
    _clock_init                               - Undefined Weak Reference
    _microlib_exit                            - Undefined Weak Reference
    __main                                   0x000000c1   Thumb Code     0  entry.o(.ARM.Collect$$$$00000000)
    _main_stk                                0x000000c1   Thumb Code     0  entry2.o(.ARM.Collect$$$$00000001)
    _main_scatterload                        0x000000c5   Thumb Code     0  entry5.o(.ARM.Collect$$$$00000004)
    __main_after_scatterload                 0x000000c9   Thumb Code     0  entry5.o(.ARM.Collect$$$$00000004)
    _main_clock                              0x000000c9   Thumb Code     0  entry7b.o(.ARM.Collect$$$$00000008)
    _main_cpp_init                           0x000000c9   Thumb Code     0  entry8b.o(.ARM.Collect$$$$0000000A)
    _main_init                               0x000000c9   Thumb Code     0  entry9a.o(.ARM.Collect$$$$0000000B)
    __rt_final_cpp                           0x000000d1   Thumb Code     0  entry10a.o(.ARM.Collect$$$$0000000D)
    __rt_final_exit                          0x000000d1   Thumb Code     0  entry11a.o(.ARM.Collect$$$$0000000F)
    vPortSVCHandler                          0x000000d5   Thumb Code    32  port.o(.emb_text)
    __asm___6_port_c_39a90d8d__prvStartFirstTask 0x000000f9   Thumb Code    24  port.o(.emb_text)
    xPortPendSVHandler                       0x00000115   Thumb Code    64  port.o(.emb_text)
    ulPortSetInterruptMask                   0x00000159   Thumb Code    14  port.o(.emb_text)
    vPortClearInterruptMask                  0x00000167   Thumb Code     6  port.o(.emb_text)
    vPortGetIPSR                             0x0000016d   Thumb Code     6  port.o(.emb_text)
    vListInitialise                          0x00000173   Thumb Code    26  list.o(.text)
    vListInitialiseItem                      0x0000018d   Thumb Code     6  list.o(.text)
    vListInsertEnd                           0x00000193   Thumb Code    24  list.o(.text)
    vListInsert                              0x000001ab   Thumb Code    52  list.o(.text)
    uxListRemove                             0x000001df   Thumb Code    40  list.o(.text)
    xTaskGenericCreate                       0x000002d7   Thumb Code   230  tasks.o(.text)
    xTaskIncrementTick                       0x000003e7   Thumb Code   240  tasks.o(.text)
    xTaskResumeAll                           0x000004d7   Thumb Code   184  tasks.o(.text)
    vTaskSuspendAll                          0x000005cd   Thumb Code    12  tasks.o(.text)
    vTaskDelayUntil                          0x000005d9   Thumb Code   174  tasks.o(.text)
    vTaskDelay                               0x00000687   Thumb Code    48  tasks.o(.text)
    vTaskSwitchContext                       0x000006b7   Thumb Code   130  tasks.o(.text)
    vTaskSuspend                             0x00000739   Thumb Code   116  tasks.o(.text)
    vTaskResume                              0x000007e5   Thumb Code    92  tasks.o(.text)
    xTaskResumeFromISR                       0x00000841   Thumb Code   110  tasks.o(.text)
    vTaskStartScheduler                      0x000008b9   Thumb Code    52  tasks.o(.text)
    vTaskEndScheduler                        0x000008ed   Thumb Code    18  tasks.o(.text)
    xTaskGetTickCount                        0x000008ff   Thumb Code    18  tasks.o(.text)
    xTaskGetTickCountFromISR                 0x00000911   Thumb Code    22  tasks.o(.text)
    uxTaskGetNumberOfTasks                   0x00000927   Thumb Code     6  tasks.o(.text)
    uxTaskGetSystemState                     0x000009f1   Thumb Code   186  tasks.o(.text)
    vTaskPlaceOnEventList                    0x00000aab   Thumb Code    60  tasks.o(.text)
    vTaskPlaceOnUnorderedEventList           0x00000ae7   Thumb Code    76  tasks.o(.text)
    xTaskRemoveFromEventList                 0x00000b33   Thumb Code   102  tasks.o(.text)
    xTaskRemoveFromUnorderedEventList        0x00000b99   Thumb Code    92  tasks.o(.text)
    vTaskSetTimeOutState                     0x00000bf5   Thumb Code    14  tasks.o(.text)
    xTaskCheckForTimeOut                     0x00000c03   Thumb Code    84  tasks.o(.text)
    vTaskMissedYield                         0x00000c57   Thumb Code     8  tasks.o(.text)
    uxTaskGetTaskNumber                      0x00000c5f   Thumb Code    14  tasks.o(.text)
    vTaskSetTaskNumber                       0x00000c6d   Thumb Code     8  tasks.o(.text)
    uxTaskResetEventItemValue                0x00000c75   Thumb Code    24  tasks.o(.text)
    pvPortMalloc                             0x00000cb1   Thumb Code    98  heap_1.o(.text)
    vPortFree                                0x00000d13   Thumb Code     2  heap_1.o(.text)
    vPortInitialiseBlocks                    0x00000d15   Thumb Code     8  heap_1.o(.text)
    xPortGetFreeHeapSize                     0x00000d1d   Thumb Code    12  heap_1.o(.text)
    pxPortInitialiseStack                    0x00000d3d   Thumb Code    26  port.o(.text)
    vPortSetupTimerInterrupt                 0x00000d57   Thumb Code    16  port.o(.text)
    xPortStartScheduler                      0x00000d67   Thumb Code    42  port.o(.text)
    vPortEndScheduler                        0x00000d91   Thumb Code     2  port.o(.text)
    vPortYield                               0x00000d93   Thumb Code    20  port.o(.text)
    vPortEnterCritical                       0x00000da7   Thumb Code    26  port.o(.text)
    vPortExitCritical                        0x00000dc1   Thumb Code    26  port.o(.text)
    xPortSysTickHandler                      0x00000ddb   Thumb Code    30  port.o(.text)
    vTask2                                   0x00000e05   Thumb Code    18  main.o(.text)
    vTask1                                   0x00000e17   Thumb Code    32  main.o(.text)
    main                                     0x00000e37   Thumb Code    62  main.o(.text)
    vPrintString                             0x00000ead   Thumb Code    20  basic_io.o(.text)
    vPrintStringAndNumber                    0x00000ec1   Thumb Code    26  basic_io.o(.text)
    fputc                                    0x00000edb   Thumb Code    30  basic_io.o(.text)
    Reset_Handler                            0x00000f05   Thumb Code     4  startup_mps_cm3.o(.text)
    NMI_Handler                              0x00000f09   Thumb Code     2  startup_mps_cm3.o(.text)
    HardFault_Handler                        0x00000f0b   Thumb Code     2  startup_mps_cm3.o(.text)
    MemManage_Handler                        0x00000f0d   Thumb Code     2  startup_mps_cm3.o(.text)
    BusFault_Handler                         0x00000f0f   Thumb Code     2  startup_mps_cm3.o(.text)
    UsageFault_Handler                       0x00000f11   Thumb Code     2  startup_mps_cm3.o(.text)
    SVC_Handler                              0x00000f13   Thumb Code     2  startup_mps_cm3.o(.text)
    DebugMon_Handler                         0x00000f15   Thumb Code     2  startup_mps_cm3.o(.text)
    PendSV_Handler                           0x00000f17   Thumb Code     2  startup_mps_cm3.o(.text)
    SysTick_Handler                          0x00000f19   Thumb Code     2  startup_mps_cm3.o(.text)
    AACI_IRQHandler                          0x00000f1b   Thumb Code     0  startup_mps_cm3.o(.text)
    CAN_IRQHandler                           0x00000f1b   Thumb Code     0  startup_mps_cm3.o(.text)
    CHLCD_IRQHandler                         0x00000f1b   Thumb Code     0  startup_mps_cm3.o(.text)
    CLCD_IRQHandler                          0x00000f1b   Thumb Code     0  startup_mps_cm3.o(.text)
    CPU_CLCD_IRQHandler                      0x00000f1b   Thumb Code     0  startup_mps_cm3.o(.text)
    ENET_IRQHandler                          0x00000f1b   Thumb Code     0  startup_mps_cm3.o(.text)
    FLEXRAY_IRQHandler                       0x00000f1b   Thumb Code     0  startup_mps_cm3.o(.text)
    I2C_IRQHandler                           0x00000f1b   Thumb Code     0  startup_mps_cm3.o(.text)
    LIN_IRQHandler                           0x00000f1b   Thumb Code     0  startup_mps_cm3.o(.text)
    MCIA_IRQHandler                          0x00000f1b   Thumb Code     0  startup_mps_cm3.o(.text)
    MCIB_IRQHandler                          0x00000f1b   Thumb Code     0  startup_mps_cm3.o(.text)
    RTC_IRQHandler                           0x00000f1b   Thumb Code     0  startup_mps_cm3.o(.text)
    SPI_IRQHandler                           0x00000f1b   Thumb Code     0  startup_mps_cm3.o(.text)
    TIM0_IRQHandler                          0x00000f1b   Thumb Code     0  startup_mps_cm3.o(.text)
    TIM2_IRQHandler                          0x00000f1b   Thumb Code     0  startup_mps_cm3.o(.text)
    UART0_IRQHandler                         0x00000f1b   Thumb Code     0  startup_mps_cm3.o(.text)
    UART1_IRQHandler                         0x00000f1b   Thumb Code     0  startup_mps_cm3.o(.text)
    UART2_IRQHandler                         0x00000f1b   Thumb Code     0  startup_mps_cm3.o(.text)
    UART3_IRQHandler                         0x00000f1b   Thumb Code     0  startup_mps_cm3.o(.text)
    UART4_IRQHandler                         0x00000f1b   Thumb Code     0  startup_mps_cm3.o(.text)
    USBDC_IRQHandler                         0x00000f1b   Thumb Code     0  startup_mps_cm3.o(.text)
    USBHC_IRQHandler                         0x00000f1b   Thumb Code     0  startup_mps_cm3.o(.text)
    WDT_IRQHandler                           0x00000f1b   Thumb Code     0  startup_mps_cm3.o(.text)
    __aeabi_memset                           0x00000f21   Thumb Code    14  memseta.o(.text)
    __aeabi_memset4                          0x00000f21   Thumb Code     0  memseta.o(.text)
    __aeabi_memset8                          0x00000f21   Thumb Code     0  memseta.o(.text)
    __aeabi_memclr                           0x00000f2f   Thumb Code     4  memseta.o(.text)
    __aeabi_memclr4                          0x00000f2f   Thumb Code     0  memseta.o(.text)
    __aeabi_memclr8                          0x00000f2f   Thumb Code     0  memseta.o(.text)
    _memset$wrapper                          0x00000f33   Thumb Code    18  memseta.o(.text)
    __aeabi_uidiv                            0x00000f45   Thumb Code     0  uidiv.o(.text)
    __aeabi_uidivmod                         0x00000f45   Thumb Code    44  uidiv.o(.text)
    __scatterload                            0x00000f71   Thumb Code    28  init.o(.text)
    __scatterload_rt2                        0x00000f71   Thumb Code     0  init.o(.text)
    __0printf$3                              0x00000f95   Thumb Code    22  printf3.o(i.__0printf$3)
    __1printf$3                              0x00000f95   Thumb Code     0  printf3.o(i.__0printf$3)
    __2printf                                0x00000f95   Thumb Code     0  printf3.o(i.__0printf$3)
    __scatterload_copy                       0x00000fb5   Thumb Code    14  handlers.o(i.__scatterload_copy)
    __scatterload_null                       0x00000fc3   Thumb Code     2  handlers.o(i.__scatterload_null)
    __scatterload_zeroinit                   0x00000fc5   Thumb Code    14  handlers.o(i.__scatterload_zeroinit)
    Region$$Table$$Base                      0x0000118c   Number         0  anon$$obj.o(Region$$Table)
    Region$$Table$$Limit                     0x000011ac   Number         0  anon$$obj.o(Region$$Table)
    pxCurrentTCB                             0x10000000   Data           4  tasks.o(.data)
    __stdout                                 0x10000040   Data           4  stdout.o(.data)
    ulTaskNumber                             0x100010f8   Data          12  main.o(.bss)
    __initial_sp                             0x10001308   Data           0  startup_mps_cm3.o(STACK)



==============================================================================

Memory Map of the image

  Image Entry point : 0x000000c1

  Load Region LR_IROM1 (Base: 0x00000000, Size: 0x000011f0, Max: 0x00080000, ABSOLUTE)

    Execution Region ER_IROM1 (Base: 0x00000000, Size: 0x000011ac, Max: 0x00080000, ABSOLUTE)

    Base Addr    Size         Type   Attr      Idx    E Section Name        Object

    0x00000000   0x000000c0   Data   RO          208    RESET               startup_mps_cm3.o
    0x000000c0   0x00000000   Code   RO          213  * .ARM.Collect$$$$00000000  mc_w.l(entry.o)
    0x000000c0   0x00000004   Code   RO          483    .ARM.Collect$$$$00000001  mc_w.l(entry2.o)
    0x000000c4   0x00000004   Code   RO          486    .ARM.Collect$$$$00000004  mc_w.l(entry5.o)
    0x000000c8   0x00000000   Code   RO          488    .ARM.Collect$$$$00000008  mc_w.l(entry7b.o)
    0x000000c8   0x00000000   Code   RO          490    .ARM.Collect$$$$0000000A  mc_w.l(entry8b.o)
    0x000000c8   0x00000008   Code   RO          491    .ARM.Collect$$$$0000000B  mc_w.l(entry9a.o)
    0x000000d0   0x00000000   Code   RO          493    .ARM.Collect$$$$0000000D  mc_w.l(entry10a.o)
    0x000000d0   0x00000000   Code   RO          495    .ARM.Collect$$$$0000000F  mc_w.l(entry11a.o)
    0x000000d0   0x00000004   Code   RO          484    .ARM.Collect$$$$00002712  mc_w.l(entry2.o)
    0x000000d4   0x0000009e   Code   RO          147    .emb_text           port.o
    0x00000172   0x00000094   Code   RO           77    .text               list.o
    0x00000206   0x00000002   PAD
    0x00000208   0x00000aa8   Code   RO          107    .text               tasks.o
    0x00000cb0   0x00000084   Code   RO          132    .text               heap_1.o
    0x00000d34   0x000000d0   Code   RO          148    .text               port.o
    0x00000e04   0x000000a8   Code   RO          166    .text               main.o
    0x00000eac   0x00000058   Code   RO          187    .text               basic_io.o
    0x00000f04   0x0000001c   Code   RO          209    .text               startup_mps_cm3.o
    0x00000f20   0x00000024   Code   RO          218    .text               mc_w.l(memseta.o)
    0x00000f44   0x0000002c   Code   RO          498    .text               mc_w.l(uidiv.o)
    0x00000f70   0x00000024   Code   RO          513    .text               mc_w.l(init.o)
    0x00000f94   0x00000020   Code   RO          311    i.__0printf$3       mc_w.l(printf3.o)
    0x00000fb4   0x0000000e   Code   RO          525    i.__scatterload_copy  mc_w.l(handlers.o)
    0x00000fc2   0x00000002   Code   RO          526    i.__scatterload_null  mc_w.l(handlers.o)
    0x00000fc4   0x0000000e   Code   RO          527    i.__scatterload_zeroinit  mc_w.l(handlers.o)
    0x00000fd2   0x00000002   PAD
    0x00000fd4   0x000001b8   Code   RO          318    i._printf_core      mc_w.l(printf3.o)
    0x0000118c   0x00000020   Data   RO          523    Region$$Table       anon$$obj.o


    Execution Region RW_IRAM1 (Base: 0x10000000, Size: 0x00001308, Max: 0x00008000, ABSOLUTE)

    Base Addr    Size         Type   Attr      Idx    E Section Name        Object

    0x10000000   0x00000034   Data   RW          109    .data               tasks.o
    0x10000034   0x00000008   Data   RW          134    .data               heap_1.o
    0x1000003c   0x00000004   Data   RW          149    .data               port.o
    0x10000040   0x00000004   Data   RW          497    .data               mc_w.l(stdout.o)
    0x10000044   0x000000b4   Zero   RW          108    .bss                tasks.o
    0x100000f8   0x00001000   Zero   RW          133    .bss                heap_1.o
    0x100010f8   0x0000000c   Zero   RW          167    .bss                main.o
    0x10001104   0x00000004   PAD
    0x10001108   0x00000200   Zero   RW          206    STACK               startup_mps_cm3.o


==============================================================================

Image component sizes


      Code (inc. data)   RO Data    RW Data    ZI Data      Debug   Object Name

        88         12          0          0          0       2147   basic_io.o
         0          0          0          0          0      10780   croutine.o
         0          0          0          0          0       1444   event_groups.o
       132         12          0          8       4096       1812   heap_1.o
       148          0          0          0          0       1750   list.o
       168         56          0          0         12       1276   main.o
       366         24          0          4          0       4239   port.o
        28          4        192          0        512        716   startup_mps_cm3.o
      2728        174          0         52        180      13905   tasks.o

    ----------------------------------------------------------------------
      3660        282        224         64       4804      38069   Object Totals
         0          0         32          0          0          0   (incl. Generated)
         2          0          0          0          4          0   (incl. Padding)

    ----------------------------------------------------------------------

      Code (inc. data)   RO Data    RW Data    ZI Data      Debug   Library Member Name

         0          0          0          0          0          0   entry.o
         0          0          0          0          0          0   entry10a.o
         0          0          0          0          0          0   entry11a.o
         8          4          0          0          0          0   entry2.o
         4          0          0          0          0          0   entry5.o
         0          0          0          0          0          0   entry7b.o
         0          0          0          0          0          0   entry8b.o
         8          4          0          0          0          0   entry9a.o
        30          0          0          0          0          0   handlers.o
        36          8          0          0          0         68   init.o
        36          0          0          0          0        108   memseta.o
       472         14          0          0          0        184   printf3.o
         0          0          0          4          0          0   stdout.o
        44          0          0          0          0         80   uidiv.o

    ----------------------------------------------------------------------
       640         30          0          4          0        440   Library Totals
         2          0          0          0          0          0   (incl. Padding)

    ----------------------------------------------------------------------

      Code (inc. data)   RO Data    RW Data    ZI Data      Debug   Library Name

       638         30          0          4          0        440   mc_w.l

    ----------------------------------------------------------------------
       640         30          0          4          0        440   Library Totals

    ----------------------------------------------------------------------

==============================================================================


      Code (inc. data)   RO Data    RW Data    ZI Data      Debug   

      4300        312        224         68       4804      37933   Grand Totals
      4300        312        224         68       4804      37933   ELF Image Totals
      4300        312        224         68          0          0   ROM Totals

==============================================================================

    Total RO  Size (Code + RO Data)                 4524 (   4.42kB)
    Total RW  Size (RW Data + ZI Data)              4872 (   4.76kB)
    Total ROM Size (Code + RO Data + RW Data)       4592 (   4.48kB)

==============================================================================

