<html>
<body>
<pre>
<h1>µVision Build Log</h1>
<h2>Tool Versions:</h2>
IDE-Version: µVision V5.15
Copyright (C) 2015 ARM Ltd and ARM Germany GmbH. All rights reserved.
License Information: Pascal Carton, MEL, LIC=WHYHR-KVLM5-79SGC-5GK3S-62JWP-CGLZ5
 
Tool Versions:
Toolchain:       MDK-ARM Standard  Version: 5.15.0
Toolchain Path:  C:\Keil\ARM\ARMCC\Bin
C Compiler:      Armcc.exe V5.05 update 2 (build 169)
Assembler:       Armasm.exe V5.05 update 2 (build 169)
Linker/Locator:  ArmLink.exe V5.05 update 2 (build 169)
Library Manager: ArmAr.exe V5.05 update 2 (build 169)
Hex Converter:   FromElf.exe V5.05 update 2 (build 169)
CPU DLL:         SARMCM3.DLL V5.15.0
Dialog DLL:      DCM.DLL V1.13.2.0
Target DLL:      UL2CM3.DLL V1.155.8.0
Dialog DLL:      TCM.DLL V1.14.5.0
 
<h2>Project:</h2>
E:\MyInsset\PTR\labs\labs\lab001\lab001.uvproj
Project File Date:  07/28/2014

<h2>Output:</h2>
*** Using Compiler 'V5.05 update 2 (build 169)', folder: 'C:\Keil\ARM\ARMCC\Bin'
Build target 'lab001'
compiling croutine.c...
compiling event_groups.c...
compiling list.c...
compiling queue.c...
compiling tasks.c...
compiling timers.c...
compiling heap_1.c...
compiling port.c...
compiling main.c...
compiling basic_io.c...
assembling startup_MPS_CM3.s...
linking...
Program Size: Code=4324 RO-data=224 RW-data=68 ZI-data=4804  
".\keil_output\Lab001.axf" - 0 Error(s), 0 Warning(s).
</pre>
</body>
</html>
